// Jest Snapshot v1, https://goo.gl/fbAQLP

exports[`<Starship /> should match snapshot 1`] = `
<ApolloProvider
  client={
    ApolloClient {
      "cache": InMemoryCache {
        "addTypename": false,
        "cacheKeyRoot": KeyTrie {
          "weakness": true,
        },
        "config": Object {
          "addTypename": false,
          "dataIdFromObject": [Function],
          "fragmentMatcher": HeuristicFragmentMatcher {},
          "freezeResults": false,
          "resultCaching": true,
        },
        "data": DepTrackingCache {
          "data": Object {},
          "depend": [Function],
        },
        "maybeBroadcastWatch": [Function],
        "optimisticData": DepTrackingCache {
          "data": Object {},
          "depend": [Function],
        },
        "silenceBroadcast": false,
        "storeReader": StoreReader {
          "executeSelectionSet": [Function],
          "executeStoreQuery": [Function],
          "executeSubSelectedArray": [Function],
          "freezeResults": false,
        },
        "storeWriter": StoreWriter {},
        "typenameDocumentCache": Map {},
        "watches": Set {},
      },
      "clearStoreCallbacks": Array [],
      "defaultOptions": Object {},
      "disableNetworkFetches": false,
      "link": MockLink {
        "addTypename": false,
        "mockedResponsesByKey": Object {
          "{\\"query\\":\\"query allStarships($type: String!) {\\\\n  allStarships(first: 100, filter: {starshipClass: $type}) {\\\\n    edges {\\\\n      node {\\\\n        cost\\\\n        maxAtmosphericSpeed\\\\n        maxMLPerHour\\\\n        hyperdriveRating\\\\n        crew\\\\n      }\\\\n    }\\\\n  }\\\\n}\\\\n\\"}": Array [
            Object {
              "request": Object {
                "query": Object {
                  "definitions": Array [
                    Object {
                      "directives": Array [],
                      "kind": "OperationDefinition",
                      "name": Object {
                        "kind": "Name",
                        "value": "allStarships",
                      },
                      "operation": "query",
                      "selectionSet": Object {
                        "kind": "SelectionSet",
                        "selections": Array [
                          Object {
                            "arguments": Array [
                              Object {
                                "kind": "Argument",
                                "name": Object {
                                  "kind": "Name",
                                  "value": "first",
                                },
                                "value": Object {
                                  "kind": "IntValue",
                                  "value": "100",
                                },
                              },
                              Object {
                                "kind": "Argument",
                                "name": Object {
                                  "kind": "Name",
                                  "value": "filter",
                                },
                                "value": Object {
                                  "fields": Array [
                                    Object {
                                      "kind": "ObjectField",
                                      "name": Object {
                                        "kind": "Name",
                                        "value": "starshipClass",
                                      },
                                      "value": Object {
                                        "kind": "Variable",
                                        "name": Object {
                                          "kind": "Name",
                                          "value": "type",
                                        },
                                      },
                                    },
                                  ],
                                  "kind": "ObjectValue",
                                },
                              },
                            ],
                            "directives": Array [],
                            "kind": "Field",
                            "name": Object {
                              "kind": "Name",
                              "value": "allStarships",
                            },
                            "selectionSet": Object {
                              "kind": "SelectionSet",
                              "selections": Array [
                                Object {
                                  "arguments": Array [],
                                  "directives": Array [],
                                  "kind": "Field",
                                  "name": Object {
                                    "kind": "Name",
                                    "value": "edges",
                                  },
                                  "selectionSet": Object {
                                    "kind": "SelectionSet",
                                    "selections": Array [
                                      Object {
                                        "arguments": Array [],
                                        "directives": Array [],
                                        "kind": "Field",
                                        "name": Object {
                                          "kind": "Name",
                                          "value": "node",
                                        },
                                        "selectionSet": Object {
                                          "kind": "SelectionSet",
                                          "selections": Array [
                                            Object {
                                              "arguments": Array [],
                                              "directives": Array [],
                                              "kind": "Field",
                                              "name": Object {
                                                "kind": "Name",
                                                "value": "cost",
                                              },
                                            },
                                            Object {
                                              "arguments": Array [],
                                              "directives": Array [],
                                              "kind": "Field",
                                              "name": Object {
                                                "kind": "Name",
                                                "value": "maxAtmosphericSpeed",
                                              },
                                            },
                                            Object {
                                              "arguments": Array [],
                                              "directives": Array [],
                                              "kind": "Field",
                                              "name": Object {
                                                "kind": "Name",
                                                "value": "maxMLPerHour",
                                              },
                                            },
                                            Object {
                                              "arguments": Array [],
                                              "directives": Array [],
                                              "kind": "Field",
                                              "name": Object {
                                                "kind": "Name",
                                                "value": "hyperdriveRating",
                                              },
                                            },
                                            Object {
                                              "arguments": Array [],
                                              "directives": Array [],
                                              "kind": "Field",
                                              "name": Object {
                                                "kind": "Name",
                                                "value": "crew",
                                              },
                                            },
                                          ],
                                        },
                                      },
                                    ],
                                  },
                                },
                              ],
                            },
                          },
                        ],
                      },
                      "variableDefinitions": Array [
                        Object {
                          "directives": Array [],
                          "kind": "VariableDefinition",
                          "type": Object {
                            "kind": "NonNullType",
                            "type": Object {
                              "kind": "NamedType",
                              "name": Object {
                                "kind": "Name",
                                "value": "String",
                              },
                            },
                          },
                          "variable": Object {
                            "kind": "Variable",
                            "name": Object {
                              "kind": "Name",
                              "value": "type",
                            },
                          },
                        },
                      ],
                    },
                  ],
                  "kind": "Document",
                  "loc": Object {
                    "end": 272,
                    "source": Object {
                      "body": "
  query allStarships($type: String!) {
    allStarships(first: 100, filter: { starshipClass: $type }) {
      edges {
        node {
          cost
          maxAtmosphericSpeed
          maxMLPerHour
          hyperdriveRating
          crew
        }
      }
    }
  }
",
                      "locationOffset": Object {
                        "column": 1,
                        "line": 1,
                      },
                      "name": "GraphQL request",
                    },
                    "start": 0,
                  },
                },
                "variables": Object {
                  "type": "corvette",
                },
              },
              "result": Object {
                "data": Object {
                  "allStarships": Object {
                    "edges": Array [
                      Object {
                        "node": Object {
                          "cost": 3500000,
                          "crew": 165,
                          "hyperdriveRating": 2,
                          "id": "starships.2",
                          "maxAtmosphericSpeed": 950,
                          "maxMLPerHour": 60,
                        },
                      },
                    ],
                  },
                },
              },
            },
            Object {
              "request": Object {
                "query": Object {
                  "definitions": Array [
                    Object {
                      "directives": Array [],
                      "kind": "OperationDefinition",
                      "name": Object {
                        "kind": "Name",
                        "value": "allStarships",
                      },
                      "operation": "query",
                      "selectionSet": Object {
                        "kind": "SelectionSet",
                        "selections": Array [
                          Object {
                            "arguments": Array [
                              Object {
                                "kind": "Argument",
                                "name": Object {
                                  "kind": "Name",
                                  "value": "first",
                                },
                                "value": Object {
                                  "kind": "IntValue",
                                  "value": "100",
                                },
                              },
                              Object {
                                "kind": "Argument",
                                "name": Object {
                                  "kind": "Name",
                                  "value": "filter",
                                },
                                "value": Object {
                                  "fields": Array [
                                    Object {
                                      "kind": "ObjectField",
                                      "name": Object {
                                        "kind": "Name",
                                        "value": "starshipClass",
                                      },
                                      "value": Object {
                                        "kind": "Variable",
                                        "name": Object {
                                          "kind": "Name",
                                          "value": "type",
                                        },
                                      },
                                    },
                                  ],
                                  "kind": "ObjectValue",
                                },
                              },
                            ],
                            "directives": Array [],
                            "kind": "Field",
                            "name": Object {
                              "kind": "Name",
                              "value": "allStarships",
                            },
                            "selectionSet": Object {
                              "kind": "SelectionSet",
                              "selections": Array [
                                Object {
                                  "arguments": Array [],
                                  "directives": Array [],
                                  "kind": "Field",
                                  "name": Object {
                                    "kind": "Name",
                                    "value": "edges",
                                  },
                                  "selectionSet": Object {
                                    "kind": "SelectionSet",
                                    "selections": Array [
                                      Object {
                                        "arguments": Array [],
                                        "directives": Array [],
                                        "kind": "Field",
                                        "name": Object {
                                          "kind": "Name",
                                          "value": "node",
                                        },
                                        "selectionSet": Object {
                                          "kind": "SelectionSet",
                                          "selections": Array [
                                            Object {
                                              "arguments": Array [],
                                              "directives": Array [],
                                              "kind": "Field",
                                              "name": Object {
                                                "kind": "Name",
                                                "value": "cost",
                                              },
                                            },
                                            Object {
                                              "arguments": Array [],
                                              "directives": Array [],
                                              "kind": "Field",
                                              "name": Object {
                                                "kind": "Name",
                                                "value": "maxAtmosphericSpeed",
                                              },
                                            },
                                            Object {
                                              "arguments": Array [],
                                              "directives": Array [],
                                              "kind": "Field",
                                              "name": Object {
                                                "kind": "Name",
                                                "value": "maxMLPerHour",
                                              },
                                            },
                                            Object {
                                              "arguments": Array [],
                                              "directives": Array [],
                                              "kind": "Field",
                                              "name": Object {
                                                "kind": "Name",
                                                "value": "hyperdriveRating",
                                              },
                                            },
                                            Object {
                                              "arguments": Array [],
                                              "directives": Array [],
                                              "kind": "Field",
                                              "name": Object {
                                                "kind": "Name",
                                                "value": "crew",
                                              },
                                            },
                                          ],
                                        },
                                      },
                                    ],
                                  },
                                },
                              ],
                            },
                          },
                        ],
                      },
                      "variableDefinitions": Array [
                        Object {
                          "directives": Array [],
                          "kind": "VariableDefinition",
                          "type": Object {
                            "kind": "NonNullType",
                            "type": Object {
                              "kind": "NamedType",
                              "name": Object {
                                "kind": "Name",
                                "value": "String",
                              },
                            },
                          },
                          "variable": Object {
                            "kind": "Variable",
                            "name": Object {
                              "kind": "Name",
                              "value": "type",
                            },
                          },
                        },
                      ],
                    },
                  ],
                  "kind": "Document",
                  "loc": Object {
                    "end": 272,
                    "source": Object {
                      "body": "
  query allStarships($type: String!) {
    allStarships(first: 100, filter: { starshipClass: $type }) {
      edges {
        node {
          cost
          maxAtmosphericSpeed
          maxMLPerHour
          hyperdriveRating
          crew
        }
      }
    }
  }
",
                      "locationOffset": Object {
                        "column": 1,
                        "line": 1,
                      },
                      "name": "GraphQL request",
                    },
                    "start": 0,
                  },
                },
                "variables": Object {
                  "type": undefined,
                },
              },
              "result": [Error],
            },
          ],
          "{\\"query\\":\\"query starship($id: ID!) {\\\\n  starship(id: $id) {\\\\n    id\\\\n    name\\\\n    starshipClass\\\\n    cost\\\\n    crew\\\\n    maxAtmosphericSpeed\\\\n    hyperdriveRating\\\\n    maxMLPerHour\\\\n    image\\\\n    hyperdriveRating\\\\n    model\\\\n  }\\\\n}\\\\n\\"}": Array [
            Object {
              "request": Object {
                "query": Object {
                  "definitions": Array [
                    Object {
                      "directives": Array [],
                      "kind": "OperationDefinition",
                      "name": Object {
                        "kind": "Name",
                        "value": "starship",
                      },
                      "operation": "query",
                      "selectionSet": Object {
                        "kind": "SelectionSet",
                        "selections": Array [
                          Object {
                            "arguments": Array [
                              Object {
                                "kind": "Argument",
                                "name": Object {
                                  "kind": "Name",
                                  "value": "id",
                                },
                                "value": Object {
                                  "kind": "Variable",
                                  "name": Object {
                                    "kind": "Name",
                                    "value": "id",
                                  },
                                },
                              },
                            ],
                            "directives": Array [],
                            "kind": "Field",
                            "name": Object {
                              "kind": "Name",
                              "value": "starship",
                            },
                            "selectionSet": Object {
                              "kind": "SelectionSet",
                              "selections": Array [
                                Object {
                                  "arguments": Array [],
                                  "directives": Array [],
                                  "kind": "Field",
                                  "name": Object {
                                    "kind": "Name",
                                    "value": "id",
                                  },
                                },
                                Object {
                                  "arguments": Array [],
                                  "directives": Array [],
                                  "kind": "Field",
                                  "name": Object {
                                    "kind": "Name",
                                    "value": "name",
                                  },
                                },
                                Object {
                                  "arguments": Array [],
                                  "directives": Array [],
                                  "kind": "Field",
                                  "name": Object {
                                    "kind": "Name",
                                    "value": "starshipClass",
                                  },
                                },
                                Object {
                                  "arguments": Array [],
                                  "directives": Array [],
                                  "kind": "Field",
                                  "name": Object {
                                    "kind": "Name",
                                    "value": "cost",
                                  },
                                },
                                Object {
                                  "arguments": Array [],
                                  "directives": Array [],
                                  "kind": "Field",
                                  "name": Object {
                                    "kind": "Name",
                                    "value": "crew",
                                  },
                                },
                                Object {
                                  "arguments": Array [],
                                  "directives": Array [],
                                  "kind": "Field",
                                  "name": Object {
                                    "kind": "Name",
                                    "value": "maxAtmosphericSpeed",
                                  },
                                },
                                Object {
                                  "arguments": Array [],
                                  "directives": Array [],
                                  "kind": "Field",
                                  "name": Object {
                                    "kind": "Name",
                                    "value": "hyperdriveRating",
                                  },
                                },
                                Object {
                                  "arguments": Array [],
                                  "directives": Array [],
                                  "kind": "Field",
                                  "name": Object {
                                    "kind": "Name",
                                    "value": "maxMLPerHour",
                                  },
                                },
                                Object {
                                  "arguments": Array [],
                                  "directives": Array [],
                                  "kind": "Field",
                                  "name": Object {
                                    "kind": "Name",
                                    "value": "image",
                                  },
                                },
                                Object {
                                  "arguments": Array [],
                                  "directives": Array [],
                                  "kind": "Field",
                                  "name": Object {
                                    "kind": "Name",
                                    "value": "hyperdriveRating",
                                  },
                                },
                                Object {
                                  "arguments": Array [],
                                  "directives": Array [],
                                  "kind": "Field",
                                  "name": Object {
                                    "kind": "Name",
                                    "value": "model",
                                  },
                                },
                              ],
                            },
                          },
                        ],
                      },
                      "variableDefinitions": Array [
                        Object {
                          "directives": Array [],
                          "kind": "VariableDefinition",
                          "type": Object {
                            "kind": "NonNullType",
                            "type": Object {
                              "kind": "NamedType",
                              "name": Object {
                                "kind": "Name",
                                "value": "ID",
                              },
                            },
                          },
                          "variable": Object {
                            "kind": "Variable",
                            "name": Object {
                              "kind": "Name",
                              "value": "id",
                            },
                          },
                        },
                      ],
                    },
                  ],
                  "kind": "Document",
                  "loc": Object {
                    "end": 241,
                    "source": Object {
                      "body": "
  query starship($id: ID!) {
    starship(id: $id) {
      id
      name
      starshipClass
      cost
      crew
      maxAtmosphericSpeed
      hyperdriveRating
      maxMLPerHour
      image
      hyperdriveRating
      model
    }
  }
",
                      "locationOffset": Object {
                        "column": 1,
                        "line": 1,
                      },
                      "name": "GraphQL request",
                    },
                    "start": 0,
                  },
                },
                "variables": Object {
                  "starshipId": "starships.2",
                },
              },
              "result": Object {
                "data": Object {
                  "starship": Object {
                    "cost": 3500000,
                    "crew": 165,
                    "hyperdriveRating": 2,
                    "id": "starships.2",
                    "image": "https://vignette.wikia.nocookie.net/starwarsmush/images/d/dd/Ship_capital_cr90.jpg/revision/latest?cb=20090605054905",
                    "maxAtmosphericSpeed": 950,
                    "maxMLPerHour": 60,
                    "model": "CR90 corvette",
                    "name": "CR90 corvette",
                    "starshipClass": "corvette",
                  },
                },
              },
            },
          ],
        },
      },
      "localState": LocalState {
        "cache": InMemoryCache {
          "addTypename": false,
          "cacheKeyRoot": KeyTrie {
            "weakness": true,
          },
          "config": Object {
            "addTypename": false,
            "dataIdFromObject": [Function],
            "fragmentMatcher": HeuristicFragmentMatcher {},
            "freezeResults": false,
            "resultCaching": true,
          },
          "data": DepTrackingCache {
            "data": Object {},
            "depend": [Function],
          },
          "maybeBroadcastWatch": [Function],
          "optimisticData": DepTrackingCache {
            "data": Object {},
            "depend": [Function],
          },
          "silenceBroadcast": false,
          "storeReader": StoreReader {
            "executeSelectionSet": [Function],
            "executeStoreQuery": [Function],
            "executeSubSelectedArray": [Function],
            "freezeResults": false,
          },
          "storeWriter": StoreWriter {},
          "typenameDocumentCache": Map {},
          "watches": Set {},
        },
        "client": [Circular],
      },
      "mutate": [Function],
      "query": [Function],
      "queryDeduplication": true,
      "queryManager": QueryManager {
        "assumeImmutableResults": false,
        "clientAwareness": Object {
          "name": undefined,
          "version": undefined,
        },
        "dataStore": DataStore {
          "cache": InMemoryCache {
            "addTypename": false,
            "cacheKeyRoot": KeyTrie {
              "weakness": true,
            },
            "config": Object {
              "addTypename": false,
              "dataIdFromObject": [Function],
              "fragmentMatcher": HeuristicFragmentMatcher {},
              "freezeResults": false,
              "resultCaching": true,
            },
            "data": DepTrackingCache {
              "data": Object {},
              "depend": [Function],
            },
            "maybeBroadcastWatch": [Function],
            "optimisticData": DepTrackingCache {
              "data": Object {},
              "depend": [Function],
            },
            "silenceBroadcast": false,
            "storeReader": StoreReader {
              "executeSelectionSet": [Function],
              "executeStoreQuery": [Function],
              "executeSubSelectedArray": [Function],
              "freezeResults": false,
            },
            "storeWriter": StoreWriter {},
            "typenameDocumentCache": Map {},
            "watches": Set {},
          },
        },
        "fetchQueryRejectFns": Map {},
        "idCounter": 1,
        "inFlightLinkObservables": Map {},
        "link": MockLink {
          "addTypename": false,
          "mockedResponsesByKey": Object {
            "{\\"query\\":\\"query allStarships($type: String!) {\\\\n  allStarships(first: 100, filter: {starshipClass: $type}) {\\\\n    edges {\\\\n      node {\\\\n        cost\\\\n        maxAtmosphericSpeed\\\\n        maxMLPerHour\\\\n        hyperdriveRating\\\\n        crew\\\\n      }\\\\n    }\\\\n  }\\\\n}\\\\n\\"}": Array [
              Object {
                "request": Object {
                  "query": Object {
                    "definitions": Array [
                      Object {
                        "directives": Array [],
                        "kind": "OperationDefinition",
                        "name": Object {
                          "kind": "Name",
                          "value": "allStarships",
                        },
                        "operation": "query",
                        "selectionSet": Object {
                          "kind": "SelectionSet",
                          "selections": Array [
                            Object {
                              "arguments": Array [
                                Object {
                                  "kind": "Argument",
                                  "name": Object {
                                    "kind": "Name",
                                    "value": "first",
                                  },
                                  "value": Object {
                                    "kind": "IntValue",
                                    "value": "100",
                                  },
                                },
                                Object {
                                  "kind": "Argument",
                                  "name": Object {
                                    "kind": "Name",
                                    "value": "filter",
                                  },
                                  "value": Object {
                                    "fields": Array [
                                      Object {
                                        "kind": "ObjectField",
                                        "name": Object {
                                          "kind": "Name",
                                          "value": "starshipClass",
                                        },
                                        "value": Object {
                                          "kind": "Variable",
                                          "name": Object {
                                            "kind": "Name",
                                            "value": "type",
                                          },
                                        },
                                      },
                                    ],
                                    "kind": "ObjectValue",
                                  },
                                },
                              ],
                              "directives": Array [],
                              "kind": "Field",
                              "name": Object {
                                "kind": "Name",
                                "value": "allStarships",
                              },
                              "selectionSet": Object {
                                "kind": "SelectionSet",
                                "selections": Array [
                                  Object {
                                    "arguments": Array [],
                                    "directives": Array [],
                                    "kind": "Field",
                                    "name": Object {
                                      "kind": "Name",
                                      "value": "edges",
                                    },
                                    "selectionSet": Object {
                                      "kind": "SelectionSet",
                                      "selections": Array [
                                        Object {
                                          "arguments": Array [],
                                          "directives": Array [],
                                          "kind": "Field",
                                          "name": Object {
                                            "kind": "Name",
                                            "value": "node",
                                          },
                                          "selectionSet": Object {
                                            "kind": "SelectionSet",
                                            "selections": Array [
                                              Object {
                                                "arguments": Array [],
                                                "directives": Array [],
                                                "kind": "Field",
                                                "name": Object {
                                                  "kind": "Name",
                                                  "value": "cost",
                                                },
                                              },
                                              Object {
                                                "arguments": Array [],
                                                "directives": Array [],
                                                "kind": "Field",
                                                "name": Object {
                                                  "kind": "Name",
                                                  "value": "maxAtmosphericSpeed",
                                                },
                                              },
                                              Object {
                                                "arguments": Array [],
                                                "directives": Array [],
                                                "kind": "Field",
                                                "name": Object {
                                                  "kind": "Name",
                                                  "value": "maxMLPerHour",
                                                },
                                              },
                                              Object {
                                                "arguments": Array [],
                                                "directives": Array [],
                                                "kind": "Field",
                                                "name": Object {
                                                  "kind": "Name",
                                                  "value": "hyperdriveRating",
                                                },
                                              },
                                              Object {
                                                "arguments": Array [],
                                                "directives": Array [],
                                                "kind": "Field",
                                                "name": Object {
                                                  "kind": "Name",
                                                  "value": "crew",
                                                },
                                              },
                                            ],
                                          },
                                        },
                                      ],
                                    },
                                  },
                                ],
                              },
                            },
                          ],
                        },
                        "variableDefinitions": Array [
                          Object {
                            "directives": Array [],
                            "kind": "VariableDefinition",
                            "type": Object {
                              "kind": "NonNullType",
                              "type": Object {
                                "kind": "NamedType",
                                "name": Object {
                                  "kind": "Name",
                                  "value": "String",
                                },
                              },
                            },
                            "variable": Object {
                              "kind": "Variable",
                              "name": Object {
                                "kind": "Name",
                                "value": "type",
                              },
                            },
                          },
                        ],
                      },
                    ],
                    "kind": "Document",
                    "loc": Object {
                      "end": 272,
                      "source": Object {
                        "body": "
  query allStarships($type: String!) {
    allStarships(first: 100, filter: { starshipClass: $type }) {
      edges {
        node {
          cost
          maxAtmosphericSpeed
          maxMLPerHour
          hyperdriveRating
          crew
        }
      }
    }
  }
",
                        "locationOffset": Object {
                          "column": 1,
                          "line": 1,
                        },
                        "name": "GraphQL request",
                      },
                      "start": 0,
                    },
                  },
                  "variables": Object {
                    "type": "corvette",
                  },
                },
                "result": Object {
                  "data": Object {
                    "allStarships": Object {
                      "edges": Array [
                        Object {
                          "node": Object {
                            "cost": 3500000,
                            "crew": 165,
                            "hyperdriveRating": 2,
                            "id": "starships.2",
                            "maxAtmosphericSpeed": 950,
                            "maxMLPerHour": 60,
                          },
                        },
                      ],
                    },
                  },
                },
              },
              Object {
                "request": Object {
                  "query": Object {
                    "definitions": Array [
                      Object {
                        "directives": Array [],
                        "kind": "OperationDefinition",
                        "name": Object {
                          "kind": "Name",
                          "value": "allStarships",
                        },
                        "operation": "query",
                        "selectionSet": Object {
                          "kind": "SelectionSet",
                          "selections": Array [
                            Object {
                              "arguments": Array [
                                Object {
                                  "kind": "Argument",
                                  "name": Object {
                                    "kind": "Name",
                                    "value": "first",
                                  },
                                  "value": Object {
                                    "kind": "IntValue",
                                    "value": "100",
                                  },
                                },
                                Object {
                                  "kind": "Argument",
                                  "name": Object {
                                    "kind": "Name",
                                    "value": "filter",
                                  },
                                  "value": Object {
                                    "fields": Array [
                                      Object {
                                        "kind": "ObjectField",
                                        "name": Object {
                                          "kind": "Name",
                                          "value": "starshipClass",
                                        },
                                        "value": Object {
                                          "kind": "Variable",
                                          "name": Object {
                                            "kind": "Name",
                                            "value": "type",
                                          },
                                        },
                                      },
                                    ],
                                    "kind": "ObjectValue",
                                  },
                                },
                              ],
                              "directives": Array [],
                              "kind": "Field",
                              "name": Object {
                                "kind": "Name",
                                "value": "allStarships",
                              },
                              "selectionSet": Object {
                                "kind": "SelectionSet",
                                "selections": Array [
                                  Object {
                                    "arguments": Array [],
                                    "directives": Array [],
                                    "kind": "Field",
                                    "name": Object {
                                      "kind": "Name",
                                      "value": "edges",
                                    },
                                    "selectionSet": Object {
                                      "kind": "SelectionSet",
                                      "selections": Array [
                                        Object {
                                          "arguments": Array [],
                                          "directives": Array [],
                                          "kind": "Field",
                                          "name": Object {
                                            "kind": "Name",
                                            "value": "node",
                                          },
                                          "selectionSet": Object {
                                            "kind": "SelectionSet",
                                            "selections": Array [
                                              Object {
                                                "arguments": Array [],
                                                "directives": Array [],
                                                "kind": "Field",
                                                "name": Object {
                                                  "kind": "Name",
                                                  "value": "cost",
                                                },
                                              },
                                              Object {
                                                "arguments": Array [],
                                                "directives": Array [],
                                                "kind": "Field",
                                                "name": Object {
                                                  "kind": "Name",
                                                  "value": "maxAtmosphericSpeed",
                                                },
                                              },
                                              Object {
                                                "arguments": Array [],
                                                "directives": Array [],
                                                "kind": "Field",
                                                "name": Object {
                                                  "kind": "Name",
                                                  "value": "maxMLPerHour",
                                                },
                                              },
                                              Object {
                                                "arguments": Array [],
                                                "directives": Array [],
                                                "kind": "Field",
                                                "name": Object {
                                                  "kind": "Name",
                                                  "value": "hyperdriveRating",
                                                },
                                              },
                                              Object {
                                                "arguments": Array [],
                                                "directives": Array [],
                                                "kind": "Field",
                                                "name": Object {
                                                  "kind": "Name",
                                                  "value": "crew",
                                                },
                                              },
                                            ],
                                          },
                                        },
                                      ],
                                    },
                                  },
                                ],
                              },
                            },
                          ],
                        },
                        "variableDefinitions": Array [
                          Object {
                            "directives": Array [],
                            "kind": "VariableDefinition",
                            "type": Object {
                              "kind": "NonNullType",
                              "type": Object {
                                "kind": "NamedType",
                                "name": Object {
                                  "kind": "Name",
                                  "value": "String",
                                },
                              },
                            },
                            "variable": Object {
                              "kind": "Variable",
                              "name": Object {
                                "kind": "Name",
                                "value": "type",
                              },
                            },
                          },
                        ],
                      },
                    ],
                    "kind": "Document",
                    "loc": Object {
                      "end": 272,
                      "source": Object {
                        "body": "
  query allStarships($type: String!) {
    allStarships(first: 100, filter: { starshipClass: $type }) {
      edges {
        node {
          cost
          maxAtmosphericSpeed
          maxMLPerHour
          hyperdriveRating
          crew
        }
      }
    }
  }
",
                        "locationOffset": Object {
                          "column": 1,
                          "line": 1,
                        },
                        "name": "GraphQL request",
                      },
                      "start": 0,
                    },
                  },
                  "variables": Object {
                    "type": undefined,
                  },
                },
                "result": [Error],
              },
            ],
            "{\\"query\\":\\"query starship($id: ID!) {\\\\n  starship(id: $id) {\\\\n    id\\\\n    name\\\\n    starshipClass\\\\n    cost\\\\n    crew\\\\n    maxAtmosphericSpeed\\\\n    hyperdriveRating\\\\n    maxMLPerHour\\\\n    image\\\\n    hyperdriveRating\\\\n    model\\\\n  }\\\\n}\\\\n\\"}": Array [
              Object {
                "request": Object {
                  "query": Object {
                    "definitions": Array [
                      Object {
                        "directives": Array [],
                        "kind": "OperationDefinition",
                        "name": Object {
                          "kind": "Name",
                          "value": "starship",
                        },
                        "operation": "query",
                        "selectionSet": Object {
                          "kind": "SelectionSet",
                          "selections": Array [
                            Object {
                              "arguments": Array [
                                Object {
                                  "kind": "Argument",
                                  "name": Object {
                                    "kind": "Name",
                                    "value": "id",
                                  },
                                  "value": Object {
                                    "kind": "Variable",
                                    "name": Object {
                                      "kind": "Name",
                                      "value": "id",
                                    },
                                  },
                                },
                              ],
                              "directives": Array [],
                              "kind": "Field",
                              "name": Object {
                                "kind": "Name",
                                "value": "starship",
                              },
                              "selectionSet": Object {
                                "kind": "SelectionSet",
                                "selections": Array [
                                  Object {
                                    "arguments": Array [],
                                    "directives": Array [],
                                    "kind": "Field",
                                    "name": Object {
                                      "kind": "Name",
                                      "value": "id",
                                    },
                                  },
                                  Object {
                                    "arguments": Array [],
                                    "directives": Array [],
                                    "kind": "Field",
                                    "name": Object {
                                      "kind": "Name",
                                      "value": "name",
                                    },
                                  },
                                  Object {
                                    "arguments": Array [],
                                    "directives": Array [],
                                    "kind": "Field",
                                    "name": Object {
                                      "kind": "Name",
                                      "value": "starshipClass",
                                    },
                                  },
                                  Object {
                                    "arguments": Array [],
                                    "directives": Array [],
                                    "kind": "Field",
                                    "name": Object {
                                      "kind": "Name",
                                      "value": "cost",
                                    },
                                  },
                                  Object {
                                    "arguments": Array [],
                                    "directives": Array [],
                                    "kind": "Field",
                                    "name": Object {
                                      "kind": "Name",
                                      "value": "crew",
                                    },
                                  },
                                  Object {
                                    "arguments": Array [],
                                    "directives": Array [],
                                    "kind": "Field",
                                    "name": Object {
                                      "kind": "Name",
                                      "value": "maxAtmosphericSpeed",
                                    },
                                  },
                                  Object {
                                    "arguments": Array [],
                                    "directives": Array [],
                                    "kind": "Field",
                                    "name": Object {
                                      "kind": "Name",
                                      "value": "hyperdriveRating",
                                    },
                                  },
                                  Object {
                                    "arguments": Array [],
                                    "directives": Array [],
                                    "kind": "Field",
                                    "name": Object {
                                      "kind": "Name",
                                      "value": "maxMLPerHour",
                                    },
                                  },
                                  Object {
                                    "arguments": Array [],
                                    "directives": Array [],
                                    "kind": "Field",
                                    "name": Object {
                                      "kind": "Name",
                                      "value": "image",
                                    },
                                  },
                                  Object {
                                    "arguments": Array [],
                                    "directives": Array [],
                                    "kind": "Field",
                                    "name": Object {
                                      "kind": "Name",
                                      "value": "hyperdriveRating",
                                    },
                                  },
                                  Object {
                                    "arguments": Array [],
                                    "directives": Array [],
                                    "kind": "Field",
                                    "name": Object {
                                      "kind": "Name",
                                      "value": "model",
                                    },
                                  },
                                ],
                              },
                            },
                          ],
                        },
                        "variableDefinitions": Array [
                          Object {
                            "directives": Array [],
                            "kind": "VariableDefinition",
                            "type": Object {
                              "kind": "NonNullType",
                              "type": Object {
                                "kind": "NamedType",
                                "name": Object {
                                  "kind": "Name",
                                  "value": "ID",
                                },
                              },
                            },
                            "variable": Object {
                              "kind": "Variable",
                              "name": Object {
                                "kind": "Name",
                                "value": "id",
                              },
                            },
                          },
                        ],
                      },
                    ],
                    "kind": "Document",
                    "loc": Object {
                      "end": 241,
                      "source": Object {
                        "body": "
  query starship($id: ID!) {
    starship(id: $id) {
      id
      name
      starshipClass
      cost
      crew
      maxAtmosphericSpeed
      hyperdriveRating
      maxMLPerHour
      image
      hyperdriveRating
      model
    }
  }
",
                        "locationOffset": Object {
                          "column": 1,
                          "line": 1,
                        },
                        "name": "GraphQL request",
                      },
                      "start": 0,
                    },
                  },
                  "variables": Object {
                    "starshipId": "starships.2",
                  },
                },
                "result": Object {
                  "data": Object {
                    "starship": Object {
                      "cost": 3500000,
                      "crew": 165,
                      "hyperdriveRating": 2,
                      "id": "starships.2",
                      "image": "https://vignette.wikia.nocookie.net/starwarsmush/images/d/dd/Ship_capital_cr90.jpg/revision/latest?cb=20090605054905",
                      "maxAtmosphericSpeed": 950,
                      "maxMLPerHour": 60,
                      "model": "CR90 corvette",
                      "name": "CR90 corvette",
                      "starshipClass": "corvette",
                    },
                  },
                },
              },
            ],
          },
        },
        "localState": LocalState {
          "cache": InMemoryCache {
            "addTypename": false,
            "cacheKeyRoot": KeyTrie {
              "weakness": true,
            },
            "config": Object {
              "addTypename": false,
              "dataIdFromObject": [Function],
              "fragmentMatcher": HeuristicFragmentMatcher {},
              "freezeResults": false,
              "resultCaching": true,
            },
            "data": DepTrackingCache {
              "data": Object {},
              "depend": [Function],
            },
            "maybeBroadcastWatch": [Function],
            "optimisticData": DepTrackingCache {
              "data": Object {},
              "depend": [Function],
            },
            "silenceBroadcast": false,
            "storeReader": StoreReader {
              "executeSelectionSet": [Function],
              "executeStoreQuery": [Function],
              "executeSubSelectedArray": [Function],
              "freezeResults": false,
            },
            "storeWriter": StoreWriter {},
            "typenameDocumentCache": Map {},
            "watches": Set {},
          },
          "client": [Circular],
        },
        "mutationStore": MutationStore {
          "store": Object {},
        },
        "onBroadcast": [Function],
        "pollingInfoByQueryId": Map {},
        "queries": Map {},
        "queryDeduplication": true,
        "queryStore": QueryStore {
          "store": Object {},
        },
        "ssrMode": false,
        "transformCache": WeakMap {},
      },
      "reFetchObservableQueries": [Function],
      "resetStore": [Function],
      "resetStoreCallbacks": Array [],
      "store": DataStore {
        "cache": InMemoryCache {
          "addTypename": false,
          "cacheKeyRoot": KeyTrie {
            "weakness": true,
          },
          "config": Object {
            "addTypename": false,
            "dataIdFromObject": [Function],
            "fragmentMatcher": HeuristicFragmentMatcher {},
            "freezeResults": false,
            "resultCaching": true,
          },
          "data": DepTrackingCache {
            "data": Object {},
            "depend": [Function],
          },
          "maybeBroadcastWatch": [Function],
          "optimisticData": DepTrackingCache {
            "data": Object {},
            "depend": [Function],
          },
          "silenceBroadcast": false,
          "storeReader": StoreReader {
            "executeSelectionSet": [Function],
            "executeStoreQuery": [Function],
            "executeSubSelectedArray": [Function],
            "freezeResults": false,
          },
          "storeWriter": StoreWriter {},
          "typenameDocumentCache": Map {},
          "watches": Set {},
        },
      },
      "typeDefs": undefined,
      "version": "2.6.3",
      "watchQuery": [Function],
    }
  }
>
  <Starship
    match={
      Object {
        "params": Object {
          "starshipId": "starships.2",
        },
      }
    }
  />
</ApolloProvider>
`;
