// Jest Snapshot v1, https://goo.gl/fbAQLP

exports[`renders without crashing 1`] = `
<ContextProvider
  value="light"
>
  <div
    className="appWrapperLight"
  >
    <BrowserRouter>
      <Navigation
        toggleTheme={[Function]}
      />
      <Switch />
    </BrowserRouter>
  </div>
</ContextProvider>
`;
