// Jest Snapshot v1, https://goo.gl/fbAQLP

exports[`<CharacterPage /> should match snapshot 1`] = `
<main>
  <h1
    className="nameLight"
  >
    Name
  </h1>
  <hr />
  <section
    className="content"
  >
    <div
      className="leftBlock"
    >
      <Card
        image="https://image.com/img.jpg"
        title="Name"
      >
        <SpecText
          left="Height"
          right={200}
        />
        <SpecText
          left="Weight"
          right={209}
        />
        <SpecText
          left="Species"
          right="Spec"
        />
        <SpecText
          left="Home World"
          right="Home"
        />
      </Card>
    </div>
    <div
      className="rightBlock"
    >
      <h2
        className="headingLight"
      >
        Piloted Starships
      </h2>
      <hr />
      <LeftImageCard
        href="/starships/starship.1"
        image="https://image.com/img2.jpg"
        key="starship.1"
        text="Edge 1"
        width="100%"
      />
      <LeftImageCard
        href="/starships/starship.2"
        image="https://image.com/img3.jpg"
        key="starship.2"
        text="Edge 2"
        width="100%"
      />
    </div>
  </section>
</main>
`;
